
    
    if exists (select * from dbo.sysobjects where id = object_id(N'GatewayDeduplication') and OBJECTPROPERTY(id, N'IsUserTable') = 1) drop table GatewayDeduplication
    
    create table GatewayDeduplication (
        Id NVARCHAR(255) not null,
       TimeReceived DATETIME null,
       primary key (Id)
    )