
    
    if exists (select * from dbo.sysobjects where id = object_id(N'Subscription') and OBJECTPROPERTY(id, N'IsUserTable') = 1) drop table Subscription
    
    create table Subscription (
        SubscriberEndpoint NVARCHAR(450) not null,
       MessageType NVARCHAR(450) not null,
       LogicalEndpoint NVARCHAR(450) null,
       Version NVARCHAR(450) null,
       TypeName NVARCHAR(450) null,
       primary key (SubscriberEndpoint, MessageType)
    )
    
    create index Subscription_TypeNameIdx on Subscription (TypeName)